pizza_mandate_apology(uint256)
gasprice_bit_ether(int128)
available_assert_time(uint16,uint64)
collate_propagate_storage(bytes16)
ideal_warn_timed(uint256,uint128)
link_classic_internal(uint64,int64)
many_msg_babbage(bytes1)
coral_cable_news(uint256)
unvest(uint256,uint256,uint256,uint256,uint256,bool)
AcoraidaMonicaWantsToKeepALogOfTheWinner(address)
yycU4()
uYZeB()
adminResetRank()
getACLRole5999294130779334338()
get_block_hash_257335279069929(uint256)
blockHashAskewLimitary(uint256)
blockHashAmarilloNonspontaneously(uint256)
blockHashAmphithyronVersify(uint256)
overdiffusingness(bytes,uint256,uint256,uint256,uint256)
blockHashAddendsInexpansible(uint256)
left_branch_block(uint32)
withdrawByAdmin_Unau(uint256[])
peepeth_postBatch_8082255437(string)
bright_peace(bytes32,bytes)
initialFundsReleaseNumerator()
transfer(bytes4[9],bytes5[6],int48[11])
hello(int16[15],bytes22[5],int176[8])
clash550254402()
sign_szabo_bytecode(bytes16,uint128)
voting_var(address,uint256,int128,int128)
message_hour(uint256,int8,uint16,bytes32)
branch_passphrase_public(uint256,bytes8)
passphrase_calculate_transfer(uint64,address)
